laptopshop/entities/Laptop.class
laptopshop/settings/Config.class
laptopshop/views/product/ProductEditForm$1.class
laptopshop/services/OrderService.class
laptopshop/entities/Category.class
laptopshop/views/MainView$2.class
laptopshop/views/order/Orders$2.class
laptopshop/views/product/ProductEditForm.class
laptopshop/views/product/Product.class
laptopshop/entities/Order.class
laptopshop/views/order/OrdersEditForm.class
laptopshop/entities/table/PaginatedDataProvider.class
laptopshop/views/LoginForm$2.class
laptopshop/views/statistic/StatisticEditForm$1.class
laptopshop/views/LoginForm$4.class
laptopshop/views/order/OrdersAddForm$1.class
laptopshop/views/statistic/StatisticAddForm.class
laptopshop/App$1.class
laptopshop/entities/Database$SingletonDatabase.class
laptopshop/views/brand/BrandAddForm$1.class
laptopshop/services/OrderDAO.class
laptopshop/entities/OrderDetail.class
laptopshop/entities/Database.class
laptopshop/views/MainView.class
laptopshop/views/LoginForm$1.class
laptopshop/views/LoginForm.class
laptopshop/views/order/OrdersAddForm.class
laptopshop/views/product/ProductAddForm.class
laptopshop/views/brand/Brand$1.class
laptopshop/App.class
laptopshop/services/LaptopService.class
laptopshop/views/brand/Brand.class
laptopshop/views/brand/BrandAddForm.class
laptopshop/entities/table/PaginatedTableDecorator.class
laptopshop/views/Dashboard.class
laptopshop/views/brand/BrandEditForm$1.class
laptopshop/views/statistic/Statistic.class
laptopshop/services/BrandDAO.class
laptopshop/views/product/Product$2.class
laptopshop/views/product/ProductAddForm$1.class
laptopshop/views/order/OrdersEditForm$1.class
laptopshop/views/statistic/StatisticEditForm.class
laptopshop/entities/User.class
laptopshop/views/MainView$3.class
laptopshop/views/brand/Brand$2.class
laptopshop/settings/Size.class
laptopshop/services/LaptopDAO.class
laptopshop/services/UserService.class
laptopshop/views/product/Product$1.class
laptopshop/views/brand/BrandEditForm.class
laptopshop/views/statistic/FilterForm.class
laptopshop/views/order/Orders.class
laptopshop/services/BrandService.class
laptopshop/views/MainView$1.class
laptopshop/views/statistic/StatisticAddForm$1.class
laptopshop/entities/border/RadiusBorder.class
laptopshop/views/LoginForm$3.class
laptopshop/views/order/Orders$1.class
laptopshop/entities/table/PaginatedTableModel.class
