/home/zuy/Documents/Eclipse/LaptopShop/src/main/java/laptopshop/views/order/OrdersAddForm.java
/home/zuy/Documents/Eclipse/LaptopShop/src/main/java/laptopshop/services/BrandDAO.java
/home/zuy/Documents/Eclipse/LaptopShop/src/main/java/laptopshop/views/product/ProductEditForm.java
/home/zuy/Documents/Eclipse/LaptopShop/src/main/java/laptopshop/services/UserService.java
/home/zuy/Documents/Eclipse/LaptopShop/src/main/java/laptopshop/services/OrderDAO.java
/home/zuy/Documents/Eclipse/LaptopShop/src/main/java/laptopshop/views/brand/BrandAddForm.java
/home/zuy/Documents/Eclipse/LaptopShop/src/main/java/laptopshop/views/statistic/StatisticEditForm.java
/home/zuy/Documents/Eclipse/LaptopShop/src/main/java/laptopshop/views/statistic/Statistic.java
/home/zuy/Documents/Eclipse/LaptopShop/src/main/java/laptopshop/entities/Database.java
/home/zuy/Documents/Eclipse/LaptopShop/src/main/java/laptopshop/entities/Order.java
/home/zuy/Documents/Eclipse/LaptopShop/src/main/java/laptopshop/entities/Laptop.java
/home/zuy/Documents/Eclipse/LaptopShop/src/main/java/laptopshop/views/order/Orders.java
/home/zuy/Documents/Eclipse/LaptopShop/src/main/java/laptopshop/views/statistic/FilterForm.java
/home/zuy/Documents/Eclipse/LaptopShop/src/main/java/laptopshop/settings/Config.java
/home/zuy/Documents/Eclipse/LaptopShop/src/main/java/laptopshop/services/BrandService.java
/home/zuy/Documents/Eclipse/LaptopShop/src/main/java/laptopshop/entities/table/PaginatedTableModel.java
/home/zuy/Documents/Eclipse/LaptopShop/src/main/java/laptopshop/entities/User.java
/home/zuy/Documents/Eclipse/LaptopShop/src/main/java/laptopshop/services/OrderService.java
/home/zuy/Documents/Eclipse/LaptopShop/src/main/java/laptopshop/entities/border/RadiusBorder.java
/home/zuy/Documents/Eclipse/LaptopShop/src/main/java/laptopshop/services/LaptopDAO.java
/home/zuy/Documents/Eclipse/LaptopShop/src/main/java/laptopshop/views/brand/Brand.java
/home/zuy/Documents/Eclipse/LaptopShop/src/main/java/laptopshop/views/order/OrdersEditForm.java
/home/zuy/Documents/Eclipse/LaptopShop/src/main/java/laptopshop/settings/Size.java
/home/zuy/Documents/Eclipse/LaptopShop/src/main/java/laptopshop/views/LoginForm.java
/home/zuy/Documents/Eclipse/LaptopShop/src/main/java/laptopshop/views/MainView.java
/home/zuy/Documents/Eclipse/LaptopShop/src/main/java/laptopshop/App.java
/home/zuy/Documents/Eclipse/LaptopShop/src/main/java/laptopshop/views/product/Product.java
/home/zuy/Documents/Eclipse/LaptopShop/src/main/java/laptopshop/views/statistic/StatisticAddForm.java
/home/zuy/Documents/Eclipse/LaptopShop/src/main/java/laptopshop/entities/table/PaginatedDataProvider.java
/home/zuy/Documents/Eclipse/LaptopShop/src/main/java/laptopshop/services/LaptopService.java
/home/zuy/Documents/Eclipse/LaptopShop/src/main/java/laptopshop/views/brand/BrandEditForm.java
/home/zuy/Documents/Eclipse/LaptopShop/src/main/java/laptopshop/entities/Category.java
/home/zuy/Documents/Eclipse/LaptopShop/src/main/java/laptopshop/entities/OrderDetail.java
/home/zuy/Documents/Eclipse/LaptopShop/src/main/java/laptopshop/entities/table/PaginatedTableDecorator.java
/home/zuy/Documents/Eclipse/LaptopShop/src/main/java/laptopshop/views/Dashboard.java
/home/zuy/Documents/Eclipse/LaptopShop/src/main/java/laptopshop/views/product/ProductAddForm.java
